--------------------------------------------------
fact 6
--------------------------------------------------
the final result is: 720
heap used, 20 cells
#steps = 196
--------------------------------------------------
triangle 100
--------------------------------------------------
the final result is: 5050
heap used, 7 cells
#steps = 2244
--------------------------------------------------
nfib 10
--------------------------------------------------
the final result is: 177
heap used, 618 cells
#steps = 5308
--------------------------------------------------
nthPrime 10
--------------------------------------------------
the final result is: 29
heap used, 2675 cells
#steps = 16671
--------------------------------------------------
thrice-thrice
--------------------------------------------------
the final result is: -27
heap used, 0 cells
#steps = 148
--------------------------------------------------
combinator-fact
--------------------------------------------------
the final result is: 720
heap used, 9545 cells
#steps = 62072
--------------------------------------------------
list-processing
--------------------------------------------------
the final result is: 338450
heap used, 1825 cells
#steps = 11515
--------------------------------------------------
over
--------------------------------------------------
the final result is: 200
heap used, 11 cells
#steps = 52
--------------------------------------------------
pap-over-app
--------------------------------------------------
stack exhausted