Running tests with flags: -nn
--------------------------------------------------
fact 6
--------------------------------------------------
the final result is: 720
heap used, 134 cells
#steps = 513
--------------------------------------------------
triangle 100
--------------------------------------------------
the final result is: 5050
heap used, 1935 cells
#steps = 7222
--------------------------------------------------
nfib 10
--------------------------------------------------
the final result is: 177
heap used, 3810 cells
#steps = 13917
--------------------------------------------------
nthPrime 10
--------------------------------------------------
the final result is: 29
heap used, 7141 cells
#steps = 37550
--------------------------------------------------
thrice-thrice
--------------------------------------------------
the final result is: 73
heap used, 128 cells
#steps = 889
--------------------------------------------------
combinator-fact
--------------------------------------------------
the final result is: 720
heap used, 15276 cells
#steps = 88217
--------------------------------------------------
list-processing
--------------------------------------------------
the final result is: 338450
heap used, 5614 cells
#steps = 26547
--------------------------------------------------
over
--------------------------------------------------
the final result is: 200
heap used, 25 cells
#steps = 93
--------------------------------------------------
pap-over-app
--------------------------------------------------
the final result is: 105
heap used, 459 cells
#steps = 1325
--------------------------------------------------
pythagorian
--------------------------------------------------
the final result is: '(3,4,5)(5,12,13)(6,8,10)(8,15,17)(9,12,15)(12,16,20)'
heap used, 228470 cells
#steps = 1002220
--------------------------------------------------
parser 12+(3*5)+(2*33)
--------------------------------------------------
the final result is: 93
heap used, 5906 cells
#steps = 25198
--------------------------------------------------
do-example
--------------------------------------------------
the final result is: '[146,147,148,156,157,158,246,247,248,256,257,258,346,347,348,356,357,358]'
heap used, 3369 cells
#steps = 12606
