--------------------------------------------------
thrice-thrice.exe
--------------------------------------------------
the final result is: -27
heap used, 0 cells
#steps = 148 
--------------------------------------------------
nfib.exe
--------------------------------------------------
the final result is: 177
heap used, 618 cells
#steps = 5304 
--------------------------------------------------
triangle.exe
--------------------------------------------------
the final result is: 5050
heap used, 7 cells
#steps = 2240 
--------------------------------------------------
fact.exe 6
--------------------------------------------------
the final result is: 720
heap used, 20 cells
#steps = 196 
--------------------------------------------------
nthPrime.exe
--------------------------------------------------
the final result is: 29
heap used, 2675 cells
#steps = 16669 
--------------------------------------------------
combinator-fact.exe
--------------------------------------------------
the final result is: 720
heap used, 9545 cells
#steps = 62072 
--------------------------------------------------
list-processing.exe
--------------------------------------------------
the final result is: 338450
heap used, 1825 cells
#steps = 11515 
--------------------------------------------------
over.exe
--------------------------------------------------
the final result is: 200
heap used, 11 cells
#steps = 52 
--------------------------------------------------
pap-over-app.exe
--------------------------------------------------
stack exhausted